// Jest Snapshot v1, https://goo.gl/fbAQLP

exports[`snapshot test 1`] = `
{
  "Outputs": {
    "exampleApiGatewayEndpoint53332B01": {
      "Value": {
        "Fn::Join": [
          "",
          [
            "https://",
            {
              "Ref": "exampleApiGateway887F3111",
            },
            ".execute-api.",
            {
              "Ref": "AWS::Region",
            },
            ".",
            {
              "Ref": "AWS::URLSuffix",
            },
            "/",
            {
              "Ref": "exampleApiGatewayDeploymentStageprodD6A63D21",
            },
            "/",
          ],
        ],
      },
    },
  },
  "Parameters": {
    "BootstrapVersion": {
      "Default": "/cdk-bootstrap/hnb659fds/version",
      "Description": "Version of the CDK Bootstrap resources in this environment, automatically retrieved from SSM Parameter Store. [cdk:skip]",
      "Type": "AWS::SSM::Parameter::Value<String>",
    },
  },
  "Resources": {
    "GetUserByIdLambdaDCA269A3": {
      "DependsOn": [
        "GetUserByIdLambdaServiceRole7C87E7E4",
      ],
      "Properties": {
        "Code": {
          "S3Bucket": {
            "Fn::Sub": "cdk-hnb659fds-assets-\${AWS::AccountId}-\${AWS::Region}",
          },
          "S3Key": "HASH-REPLACED.zip",
        },
        "Environment": {
          "Variables": {
            "AWS_NODEJS_CONNECTION_REUSE_ENABLED": "1",
            "DATABASE_URL": "postgres://dummy:5443/mydb",
          },
        },
        "Handler": "index.lambdaHandler",
        "Role": {
          "Fn::GetAtt": [
            "GetUserByIdLambdaServiceRole7C87E7E4",
            "Arn",
          ],
        },
        "Runtime": "nodejs18.x",
      },
      "Type": "AWS::Lambda::Function",
    },
    "GetUserByIdLambdaServiceRole7C87E7E4": {
      "Properties": {
        "AssumeRolePolicyDocument": {
          "Statement": [
            {
              "Action": "sts:AssumeRole",
              "Effect": "Allow",
              "Principal": {
                "Service": "lambda.amazonaws.com",
              },
            },
          ],
          "Version": "2012-10-17",
        },
        "ManagedPolicyArns": [
          {
            "Fn::Join": [
              "",
              [
                "arn:",
                {
                  "Ref": "AWS::Partition",
                },
                ":iam::aws:policy/service-role/AWSLambdaBasicExecutionRole",
              ],
            ],
          },
        ],
      },
      "Type": "AWS::IAM::Role",
    },
    "GetUsersLambda4ACBBAFD": {
      "DependsOn": [
        "GetUsersLambdaServiceRoleA2144AFC",
      ],
      "Properties": {
        "Code": {
          "S3Bucket": {
            "Fn::Sub": "cdk-hnb659fds-assets-\${AWS::AccountId}-\${AWS::Region}",
          },
          "S3Key": "HASH-REPLACED.zip",
        },
        "Environment": {
          "Variables": {
            "AWS_NODEJS_CONNECTION_REUSE_ENABLED": "1",
            "DATABASE_URL": "postgres://dummy:5443/mydb",
          },
        },
        "Handler": "index.lambdaHandler",
        "Role": {
          "Fn::GetAtt": [
            "GetUsersLambdaServiceRoleA2144AFC",
            "Arn",
          ],
        },
        "Runtime": "nodejs18.x",
      },
      "Type": "AWS::Lambda::Function",
    },
    "GetUsersLambdaServiceRoleA2144AFC": {
      "Properties": {
        "AssumeRolePolicyDocument": {
          "Statement": [
            {
              "Action": "sts:AssumeRole",
              "Effect": "Allow",
              "Principal": {
                "Service": "lambda.amazonaws.com",
              },
            },
          ],
          "Version": "2012-10-17",
        },
        "ManagedPolicyArns": [
          {
            "Fn::Join": [
              "",
              [
                "arn:",
                {
                  "Ref": "AWS::Partition",
                },
                ":iam::aws:policy/service-role/AWSLambdaBasicExecutionRole",
              ],
            ],
          },
        ],
      },
      "Type": "AWS::IAM::Role",
    },
    "HelloLambda3D9C82D6": {
      "DependsOn": [
        "HelloLambdaServiceRoleE071F162",
      ],
      "Properties": {
        "Code": {
          "S3Bucket": {
            "Fn::Sub": "cdk-hnb659fds-assets-\${AWS::AccountId}-\${AWS::Region}",
          },
          "S3Key": "HASH-REPLACED.zip",
        },
        "Environment": {
          "Variables": {
            "AWS_NODEJS_CONNECTION_REUSE_ENABLED": "1",
          },
        },
        "Handler": "index.lambdaHandler",
        "Role": {
          "Fn::GetAtt": [
            "HelloLambdaServiceRoleE071F162",
            "Arn",
          ],
        },
        "Runtime": "nodejs18.x",
      },
      "Type": "AWS::Lambda::Function",
    },
    "HelloLambdaServiceRoleE071F162": {
      "Properties": {
        "AssumeRolePolicyDocument": {
          "Statement": [
            {
              "Action": "sts:AssumeRole",
              "Effect": "Allow",
              "Principal": {
                "Service": "lambda.amazonaws.com",
              },
            },
          ],
          "Version": "2012-10-17",
        },
        "ManagedPolicyArns": [
          {
            "Fn::Join": [
              "",
              [
                "arn:",
                {
                  "Ref": "AWS::Partition",
                },
                ":iam::aws:policy/service-role/AWSLambdaBasicExecutionRole",
              ],
            ],
          },
        ],
      },
      "Type": "AWS::IAM::Role",
    },
    "PutUserByIdLambdaE764972B": {
      "DependsOn": [
        "PutUserByIdLambdaServiceRole397F14D5",
      ],
      "Properties": {
        "Code": {
          "S3Bucket": {
            "Fn::Sub": "cdk-hnb659fds-assets-\${AWS::AccountId}-\${AWS::Region}",
          },
          "S3Key": "HASH-REPLACED.zip",
        },
        "Environment": {
          "Variables": {
            "AWS_NODEJS_CONNECTION_REUSE_ENABLED": "1",
            "DATABASE_URL": "postgres://dummy:5443/mydb",
          },
        },
        "Handler": "index.lambdaHandler",
        "Role": {
          "Fn::GetAtt": [
            "PutUserByIdLambdaServiceRole397F14D5",
            "Arn",
          ],
        },
        "Runtime": "nodejs18.x",
      },
      "Type": "AWS::Lambda::Function",
    },
    "PutUserByIdLambdaServiceRole397F14D5": {
      "Properties": {
        "AssumeRolePolicyDocument": {
          "Statement": [
            {
              "Action": "sts:AssumeRole",
              "Effect": "Allow",
              "Principal": {
                "Service": "lambda.amazonaws.com",
              },
            },
          ],
          "Version": "2012-10-17",
        },
        "ManagedPolicyArns": [
          {
            "Fn::Join": [
              "",
              [
                "arn:",
                {
                  "Ref": "AWS::Partition",
                },
                ":iam::aws:policy/service-role/AWSLambdaBasicExecutionRole",
              ],
            ],
          },
        ],
      },
      "Type": "AWS::IAM::Role",
    },
    "exampleApiGateway887F3111": {
      "Properties": {
        "Name": "testapp-apigateway",
      },
      "Type": "AWS::ApiGateway::RestApi",
    },
    "exampleApiGatewayAccount63120D6C": {
      "DeletionPolicy": "Retain",
      "DependsOn": [
        "exampleApiGateway887F3111",
      ],
      "Properties": {
        "CloudWatchRoleArn": {
          "Fn::GetAtt": [
            "exampleApiGatewayCloudWatchRole457C6E52",
            "Arn",
          ],
        },
      },
      "Type": "AWS::ApiGateway::Account",
      "UpdateReplacePolicy": "Retain",
    },
    "exampleApiGatewayCloudWatchRole457C6E52": {
      "DeletionPolicy": "Retain",
      "Properties": {
        "AssumeRolePolicyDocument": {
          "Statement": [
            {
              "Action": "sts:AssumeRole",
              "Effect": "Allow",
              "Principal": {
                "Service": "apigateway.amazonaws.com",
              },
            },
          ],
          "Version": "2012-10-17",
        },
        "ManagedPolicyArns": [
          {
            "Fn::Join": [
              "",
              [
                "arn:",
                {
                  "Ref": "AWS::Partition",
                },
                ":iam::aws:policy/service-role/AmazonAPIGatewayPushToCloudWatchLogs",
              ],
            ],
          },
        ],
      },
      "Type": "AWS::IAM::Role",
      "UpdateReplacePolicy": "Retain",
    },
    "exampleApiGatewayDeployment5F488D144f4173a0451a187a97225d9f8b26a726": {
      "DependsOn": [
        "exampleApiGatewayGET8D6918B2",
        "exampleApiGatewayusersidGET9906BC53",
        "exampleApiGatewayusersidPUTF6780F88",
        "exampleApiGatewayusersid0CF9697B",
        "exampleApiGatewayusersGETC0D40B33",
        "exampleApiGatewayusers6CF0C009",
      ],
      "Properties": {
        "Description": "Automatically created by the RestApi construct",
        "RestApiId": {
          "Ref": "exampleApiGateway887F3111",
        },
      },
      "Type": "AWS::ApiGateway::Deployment",
    },
    "exampleApiGatewayDeploymentStageprodD6A63D21": {
      "DependsOn": [
        "exampleApiGatewayAccount63120D6C",
      ],
      "Properties": {
        "DeploymentId": {
          "Ref": "exampleApiGatewayDeployment5F488D144f4173a0451a187a97225d9f8b26a726",
        },
        "RestApiId": {
          "Ref": "exampleApiGateway887F3111",
        },
        "StageName": "prod",
      },
      "Type": "AWS::ApiGateway::Stage",
    },
    "exampleApiGatewayGET8D6918B2": {
      "Properties": {
        "AuthorizationType": "NONE",
        "HttpMethod": "GET",
        "Integration": {
          "IntegrationHttpMethod": "POST",
          "Type": "AWS_PROXY",
          "Uri": {
            "Fn::Join": [
              "",
              [
                "arn:",
                {
                  "Ref": "AWS::Partition",
                },
                ":apigateway:",
                {
                  "Ref": "AWS::Region",
                },
                ":lambda:path/2015-03-31/functions/",
                {
                  "Fn::GetAtt": [
                    "HelloLambda3D9C82D6",
                    "Arn",
                  ],
                },
                "/invocations",
              ],
            ],
          },
        },
        "ResourceId": {
          "Fn::GetAtt": [
            "exampleApiGateway887F3111",
            "RootResourceId",
          ],
        },
        "RestApiId": {
          "Ref": "exampleApiGateway887F3111",
        },
      },
      "Type": "AWS::ApiGateway::Method",
    },
    "exampleApiGatewayGETApiPermissionTestStackexampleApiGatewayFD0DA202GET08D25029": {
      "Properties": {
        "Action": "lambda:InvokeFunction",
        "FunctionName": {
          "Fn::GetAtt": [
            "HelloLambda3D9C82D6",
            "Arn",
          ],
        },
        "Principal": "apigateway.amazonaws.com",
        "SourceArn": {
          "Fn::Join": [
            "",
            [
              "arn:",
              {
                "Ref": "AWS::Partition",
              },
              ":execute-api:",
              {
                "Ref": "AWS::Region",
              },
              ":",
              {
                "Ref": "AWS::AccountId",
              },
              ":",
              {
                "Ref": "exampleApiGateway887F3111",
              },
              "/",
              {
                "Ref": "exampleApiGatewayDeploymentStageprodD6A63D21",
              },
              "/GET/",
            ],
          ],
        },
      },
      "Type": "AWS::Lambda::Permission",
    },
    "exampleApiGatewayGETApiPermissionTestTestStackexampleApiGatewayFD0DA202GET55EA30FA": {
      "Properties": {
        "Action": "lambda:InvokeFunction",
        "FunctionName": {
          "Fn::GetAtt": [
            "HelloLambda3D9C82D6",
            "Arn",
          ],
        },
        "Principal": "apigateway.amazonaws.com",
        "SourceArn": {
          "Fn::Join": [
            "",
            [
              "arn:",
              {
                "Ref": "AWS::Partition",
              },
              ":execute-api:",
              {
                "Ref": "AWS::Region",
              },
              ":",
              {
                "Ref": "AWS::AccountId",
              },
              ":",
              {
                "Ref": "exampleApiGateway887F3111",
              },
              "/test-invoke-stage/GET/",
            ],
          ],
        },
      },
      "Type": "AWS::Lambda::Permission",
    },
    "exampleApiGatewayusers6CF0C009": {
      "Properties": {
        "ParentId": {
          "Fn::GetAtt": [
            "exampleApiGateway887F3111",
            "RootResourceId",
          ],
        },
        "PathPart": "users",
        "RestApiId": {
          "Ref": "exampleApiGateway887F3111",
        },
      },
      "Type": "AWS::ApiGateway::Resource",
    },
    "exampleApiGatewayusersGETApiPermissionTestStackexampleApiGatewayFD0DA202GETusers6DAFF20D": {
      "Properties": {
        "Action": "lambda:InvokeFunction",
        "FunctionName": {
          "Fn::GetAtt": [
            "GetUsersLambda4ACBBAFD",
            "Arn",
          ],
        },
        "Principal": "apigateway.amazonaws.com",
        "SourceArn": {
          "Fn::Join": [
            "",
            [
              "arn:",
              {
                "Ref": "AWS::Partition",
              },
              ":execute-api:",
              {
                "Ref": "AWS::Region",
              },
              ":",
              {
                "Ref": "AWS::AccountId",
              },
              ":",
              {
                "Ref": "exampleApiGateway887F3111",
              },
              "/",
              {
                "Ref": "exampleApiGatewayDeploymentStageprodD6A63D21",
              },
              "/GET/users",
            ],
          ],
        },
      },
      "Type": "AWS::Lambda::Permission",
    },
    "exampleApiGatewayusersGETApiPermissionTestTestStackexampleApiGatewayFD0DA202GETusers7841DC1F": {
      "Properties": {
        "Action": "lambda:InvokeFunction",
        "FunctionName": {
          "Fn::GetAtt": [
            "GetUsersLambda4ACBBAFD",
            "Arn",
          ],
        },
        "Principal": "apigateway.amazonaws.com",
        "SourceArn": {
          "Fn::Join": [
            "",
            [
              "arn:",
              {
                "Ref": "AWS::Partition",
              },
              ":execute-api:",
              {
                "Ref": "AWS::Region",
              },
              ":",
              {
                "Ref": "AWS::AccountId",
              },
              ":",
              {
                "Ref": "exampleApiGateway887F3111",
              },
              "/test-invoke-stage/GET/users",
            ],
          ],
        },
      },
      "Type": "AWS::Lambda::Permission",
    },
    "exampleApiGatewayusersGETC0D40B33": {
      "Properties": {
        "AuthorizationType": "NONE",
        "HttpMethod": "GET",
        "Integration": {
          "IntegrationHttpMethod": "POST",
          "Type": "AWS_PROXY",
          "Uri": {
            "Fn::Join": [
              "",
              [
                "arn:",
                {
                  "Ref": "AWS::Partition",
                },
                ":apigateway:",
                {
                  "Ref": "AWS::Region",
                },
                ":lambda:path/2015-03-31/functions/",
                {
                  "Fn::GetAtt": [
                    "GetUsersLambda4ACBBAFD",
                    "Arn",
                  ],
                },
                "/invocations",
              ],
            ],
          },
        },
        "ResourceId": {
          "Ref": "exampleApiGatewayusers6CF0C009",
        },
        "RestApiId": {
          "Ref": "exampleApiGateway887F3111",
        },
      },
      "Type": "AWS::ApiGateway::Method",
    },
    "exampleApiGatewayusersid0CF9697B": {
      "Properties": {
        "ParentId": {
          "Ref": "exampleApiGatewayusers6CF0C009",
        },
        "PathPart": "{id}",
        "RestApiId": {
          "Ref": "exampleApiGateway887F3111",
        },
      },
      "Type": "AWS::ApiGateway::Resource",
    },
    "exampleApiGatewayusersidGET9906BC53": {
      "Properties": {
        "AuthorizationType": "NONE",
        "HttpMethod": "GET",
        "Integration": {
          "IntegrationHttpMethod": "POST",
          "Type": "AWS_PROXY",
          "Uri": {
            "Fn::Join": [
              "",
              [
                "arn:",
                {
                  "Ref": "AWS::Partition",
                },
                ":apigateway:",
                {
                  "Ref": "AWS::Region",
                },
                ":lambda:path/2015-03-31/functions/",
                {
                  "Fn::GetAtt": [
                    "GetUserByIdLambdaDCA269A3",
                    "Arn",
                  ],
                },
                "/invocations",
              ],
            ],
          },
        },
        "ResourceId": {
          "Ref": "exampleApiGatewayusersid0CF9697B",
        },
        "RestApiId": {
          "Ref": "exampleApiGateway887F3111",
        },
      },
      "Type": "AWS::ApiGateway::Method",
    },
    "exampleApiGatewayusersidGETApiPermissionTestStackexampleApiGatewayFD0DA202GETusersid9E4DED34": {
      "Properties": {
        "Action": "lambda:InvokeFunction",
        "FunctionName": {
          "Fn::GetAtt": [
            "GetUserByIdLambdaDCA269A3",
            "Arn",
          ],
        },
        "Principal": "apigateway.amazonaws.com",
        "SourceArn": {
          "Fn::Join": [
            "",
            [
              "arn:",
              {
                "Ref": "AWS::Partition",
              },
              ":execute-api:",
              {
                "Ref": "AWS::Region",
              },
              ":",
              {
                "Ref": "AWS::AccountId",
              },
              ":",
              {
                "Ref": "exampleApiGateway887F3111",
              },
              "/",
              {
                "Ref": "exampleApiGatewayDeploymentStageprodD6A63D21",
              },
              "/GET/users/*",
            ],
          ],
        },
      },
      "Type": "AWS::Lambda::Permission",
    },
    "exampleApiGatewayusersidGETApiPermissionTestTestStackexampleApiGatewayFD0DA202GETusersid6C8A9904": {
      "Properties": {
        "Action": "lambda:InvokeFunction",
        "FunctionName": {
          "Fn::GetAtt": [
            "GetUserByIdLambdaDCA269A3",
            "Arn",
          ],
        },
        "Principal": "apigateway.amazonaws.com",
        "SourceArn": {
          "Fn::Join": [
            "",
            [
              "arn:",
              {
                "Ref": "AWS::Partition",
              },
              ":execute-api:",
              {
                "Ref": "AWS::Region",
              },
              ":",
              {
                "Ref": "AWS::AccountId",
              },
              ":",
              {
                "Ref": "exampleApiGateway887F3111",
              },
              "/test-invoke-stage/GET/users/*",
            ],
          ],
        },
      },
      "Type": "AWS::Lambda::Permission",
    },
    "exampleApiGatewayusersidPUTApiPermissionTestStackexampleApiGatewayFD0DA202PUTusersid01BC5735": {
      "Properties": {
        "Action": "lambda:InvokeFunction",
        "FunctionName": {
          "Fn::GetAtt": [
            "PutUserByIdLambdaE764972B",
            "Arn",
          ],
        },
        "Principal": "apigateway.amazonaws.com",
        "SourceArn": {
          "Fn::Join": [
            "",
            [
              "arn:",
              {
                "Ref": "AWS::Partition",
              },
              ":execute-api:",
              {
                "Ref": "AWS::Region",
              },
              ":",
              {
                "Ref": "AWS::AccountId",
              },
              ":",
              {
                "Ref": "exampleApiGateway887F3111",
              },
              "/",
              {
                "Ref": "exampleApiGatewayDeploymentStageprodD6A63D21",
              },
              "/PUT/users/*",
            ],
          ],
        },
      },
      "Type": "AWS::Lambda::Permission",
    },
    "exampleApiGatewayusersidPUTApiPermissionTestTestStackexampleApiGatewayFD0DA202PUTusersid6475A286": {
      "Properties": {
        "Action": "lambda:InvokeFunction",
        "FunctionName": {
          "Fn::GetAtt": [
            "PutUserByIdLambdaE764972B",
            "Arn",
          ],
        },
        "Principal": "apigateway.amazonaws.com",
        "SourceArn": {
          "Fn::Join": [
            "",
            [
              "arn:",
              {
                "Ref": "AWS::Partition",
              },
              ":execute-api:",
              {
                "Ref": "AWS::Region",
              },
              ":",
              {
                "Ref": "AWS::AccountId",
              },
              ":",
              {
                "Ref": "exampleApiGateway887F3111",
              },
              "/test-invoke-stage/PUT/users/*",
            ],
          ],
        },
      },
      "Type": "AWS::Lambda::Permission",
    },
    "exampleApiGatewayusersidPUTF6780F88": {
      "Properties": {
        "AuthorizationType": "NONE",
        "HttpMethod": "PUT",
        "Integration": {
          "IntegrationHttpMethod": "POST",
          "Type": "AWS_PROXY",
          "Uri": {
            "Fn::Join": [
              "",
              [
                "arn:",
                {
                  "Ref": "AWS::Partition",
                },
                ":apigateway:",
                {
                  "Ref": "AWS::Region",
                },
                ":lambda:path/2015-03-31/functions/",
                {
                  "Fn::GetAtt": [
                    "PutUserByIdLambdaE764972B",
                    "Arn",
                  ],
                },
                "/invocations",
              ],
            ],
          },
        },
        "ResourceId": {
          "Ref": "exampleApiGatewayusersid0CF9697B",
        },
        "RestApiId": {
          "Ref": "exampleApiGateway887F3111",
        },
      },
      "Type": "AWS::ApiGateway::Method",
    },
  },
  "Rules": {
    "CheckBootstrapVersion": {
      "Assertions": [
        {
          "Assert": {
            "Fn::Not": [
              {
                "Fn::Contains": [
                  [
                    "1",
                    "2",
                    "3",
                    "4",
                    "5",
                  ],
                  {
                    "Ref": "BootstrapVersion",
                  },
                ],
              },
            ],
          },
          "AssertDescription": "CDK bootstrap stack version 6 required. Please run 'cdk bootstrap' with a recent version of the CDK CLI.",
        },
      ],
    },
  },
}
`;
